---
source: crates/astria-sequencer/src/app/tests_breaking_changes.rs
assertion_line: 155
expression: app.app_hash.as_bytes()
---
[
  81,
  240,
  43,
  49,
  213,
  169,
  44,
  117,
  63,
  211,
  244,
  68,
  153,
  6,
  188,
  135,
  121,
  92,
  97,
  4,
  226,
  16,
  211,
  236,
  253,
  203,
  222,
  27,
  65,
  176,
  125,
  183
]
